{
  "version": "1.5.0",
  "plugins_used": [
    {
      "name": "ArtifactoryDetector"
    },
    {
      "name": "AWSKeyDetector"
    },
    {
      "name": "AzureStorageKeyDetector"
    },
    {
      "name": "Base64HighEntropyString",
      "limit": 4.5
    },
    {
      "name": "BasicAuthDetector"
    },
    {
      "name": "CloudantDetector"
    },
    {
      "name": "DiscordBotTokenDetector"
    },
    {
      "name": "GitHubTokenDetector"
    },
    {
      "name": "GitLabTokenDetector"
    },
    {
      "name": "HexHighEntropyString",
      "limit": 3.0
    },
    {
      "name": "IbmCloudIamDetector"
    },
    {
      "name": "IbmCosHmacDetector"
    },
    {
      "name": "IPPublicDetector"
    },
    {
      "name": "JwtTokenDetector"
    },
    {
      "name": "KeywordDetector",
      "keyword_exclude": ""
    },
    {
      "name": "MailchimpDetector"
    },
    {
      "name": "NpmDetector"
    },
    {
      "name": "OpenAIDetector"
    },
    {
      "name": "PrivateKeyDetector"
    },
    {
      "name": "PypiTokenDetector"
    },
    {
      "name": "SendGridDetector"
    },
    {
      "name": "SlackDetector"
    },
    {
      "name": "SoftlayerDetector"
    },
    {
      "name": "SquareOAuthDetector"
    },
    {
      "name": "StripeDetector"
    },
    {
      "name": "TelegramBotTokenDetector"
    },
    {
      "name": "TwilioKeyDetector"
    }
  ],
  "filters_used": [
    {
      "path": "detect_secrets.filters.allowlist.is_line_allowlisted"
    },
    {
      "path": "detect_secrets.filters.common.is_ignored_due_to_verification_policies",
      "min_level": 2
    },
    {
      "path": "detect_secrets.filters.heuristic.is_indirect_reference"
    },
    {
      "path": "detect_secrets.filters.heuristic.is_likely_id_string"
    },
    {
      "path": "detect_secrets.filters.heuristic.is_lock_file"
    },
    {
      "path": "detect_secrets.filters.heuristic.is_not_alphanumeric_string"
    },
    {
      "path": "detect_secrets.filters.heuristic.is_potential_uuid"
    },
    {
      "path": "detect_secrets.filters.heuristic.is_prefixed_with_dollar_sign"
    },
    {
      "path": "detect_secrets.filters.heuristic.is_sequential_string"
    },
    {
      "path": "detect_secrets.filters.heuristic.is_swagger_file"
    },
    {
      "path": "detect_secrets.filters.heuristic.is_templated_secret"
    }
  ],
  "results": {
    "bruno\\Users\\Create User.bru": [
      {
        "type": "Secret Keyword",
        "filename": "bruno\\Users\\Create User.bru",
        "hashed_secret": "f2b14f68eb995facb3a1c35287b778d5bd785511",
        "is_verified": false,
        "line_number": 16
      }
    ],
    "bruno\\Users\\Update User.bru": [
      {
        "type": "Secret Keyword",
        "filename": "bruno\\Users\\Update User.bru",
        "hashed_secret": "790ed86852f58b81c18abb21002140bee2f29375",
        "is_verified": false,
        "line_number": 41
      }
    ],
    "tests\\e2e\\auth_headers.py": [
      {
        "type": "Secret Keyword",
        "filename": "tests\\e2e\\auth_headers.py",
        "hashed_secret": "1f9db9903bc81d225c71617ac664b73bd3d5238e",
        "is_verified": false,
        "line_number": 31
      }
    ],
    "tests\\e2e\\conftest.py": [
      {
        "type": "Secret Keyword",
        "filename": "tests\\e2e\\conftest.py",
        "hashed_secret": "1f9db9903bc81d225c71617ac664b73bd3d5238e",
        "is_verified": false,
        "line_number": 52
      }
    ],
    "tests\\e2e\\graphql\\test_auth_graphql.py": [
      {
        "type": "Secret Keyword",
        "filename": "tests\\e2e\\graphql\\test_auth_graphql.py",
        "hashed_secret": "6809ffccad03b80fa1fbc32c17e7e054805ec30b",
        "is_verified": false,
        "line_number": 55
      }
    ],
    "tests\\e2e\\graphql\\test_user_role_permission_graphql.py": [
      {
        "type": "Secret Keyword",
        "filename": "tests\\e2e\\graphql\\test_user_role_permission_graphql.py",
        "hashed_secret": "af6daf5f1a60c91f73361dd476c97e496beda065",
        "is_verified": false,
        "line_number": 63
      }
    ],
    "tests\\e2e\\routers\\test_auth_router.py": [
      {
        "type": "Secret Keyword",
        "filename": "tests\\e2e\\routers\\test_auth_router.py",
        "hashed_secret": "6809ffccad03b80fa1fbc32c17e7e054805ec30b",
        "is_verified": false,
        "line_number": 28
      }
    ],
    "tests\\e2e\\routers\\test_user_router.py": [
      {
        "type": "Secret Keyword",
        "filename": "tests\\e2e\\routers\\test_user_router.py",
        "hashed_secret": "e5e9fa1ba31ecd1ae84f75caaa474f3a663f05f4",
        "is_verified": false,
        "line_number": 48
      }
    ],
    "tests\\integration\\repositories\\test_user_repository.py": [
      {
        "type": "Secret Keyword",
        "filename": "tests\\integration\\repositories\\test_user_repository.py",
        "hashed_secret": "f409ce90a1cd144912d1df8620215b2dc9fda731",
        "is_verified": false,
        "line_number": 26
      },
      {
        "type": "Secret Keyword",
        "filename": "tests\\integration\\repositories\\test_user_repository.py",
        "hashed_secret": "8552b905c2531a9fa169ac815126a6dfac064db6",
        "is_verified": false,
        "line_number": 205
      },
      {
        "type": "Secret Keyword",
        "filename": "tests\\integration\\repositories\\test_user_repository.py",
        "hashed_secret": "d05f73ae296d5bd6f3f7ca5d3c9830731c98f9a8",
        "is_verified": false,
        "line_number": 213
      },
      {
        "type": "Secret Keyword",
        "filename": "tests\\integration\\repositories\\test_user_repository.py",
        "hashed_secret": "2346ad27d7568ba9896f1b7da6b5991251debdf2",
        "is_verified": false,
        "line_number": 251
      }
    ],
    "tests\\unit\\services\\test_password_hasher.py": [
      {
        "type": "Secret Keyword",
        "filename": "tests\\unit\\services\\test_password_hasher.py",
        "hashed_secret": "21dde79b804497e122f38dabc393f8e94f103ca6",
        "is_verified": false,
        "line_number": 21
      },
      {
        "type": "Secret Keyword",
        "filename": "tests\\unit\\services\\test_password_hasher.py",
        "hashed_secret": "b4edd1d6f455752e0b214407e561d8d3823204fe",
        "is_verified": false,
        "line_number": 34
      }
    ],
    "tests\\unit\\use_cases\\auth\\test_login_user.py": [
      {
        "type": "Secret Keyword",
        "filename": "tests\\unit\\use_cases\\auth\\test_login_user.py",
        "hashed_secret": "6318553899daae2941718c02508aeee938af1a1c",
        "is_verified": false,
        "line_number": 15
      }
    ],
    "tests\\unit\\use_cases\\user\\test_create_user.py": [
      {
        "type": "Secret Keyword",
        "filename": "tests\\unit\\use_cases\\user\\test_create_user.py",
        "hashed_secret": "e5e9fa1ba31ecd1ae84f75caaa474f3a663f05f4",
        "is_verified": false,
        "line_number": 15
      },
      {
        "type": "Secret Keyword",
        "filename": "tests\\unit\\use_cases\\user\\test_create_user.py",
        "hashed_secret": "f409ce90a1cd144912d1df8620215b2dc9fda731",
        "is_verified": false,
        "line_number": 58
      }
    ],
    "tests\\unit\\use_cases\\user\\test_update_user.py": [
      {
        "type": "Secret Keyword",
        "filename": "tests\\unit\\use_cases\\user\\test_update_user.py",
        "hashed_secret": "8552b905c2531a9fa169ac815126a6dfac064db6",
        "is_verified": false,
        "line_number": 30
      },
      {
        "type": "Secret Keyword",
        "filename": "tests\\unit\\use_cases\\user\\test_update_user.py",
        "hashed_secret": "d05f73ae296d5bd6f3f7ca5d3c9830731c98f9a8",
        "is_verified": false,
        "line_number": 72
      }
    ]
  },
  "generated_at": "2026-08-08T20:24:09Z"
}
